<?xml version="1.0" encoding="UTF-8"?>
<world version="0.0">
	<start>
		<map>0</map>
		<room>0</room>
		<row>1</row>
		<col>1</col>
	</start>
	<tilesets>
		<tileset id="0">
			<tile id="0" draw="32"/>
			<tile id="2" draw="86"/>
			<tile id="3" draw="222"/>
			<tile id="1" draw="42">
				<All/>
			</tile>
			<tile id="4" draw="164"/>
			<tile id="5" draw="191">
				<Puzzle id="0"/>
			</tile>
			<tile id="6" draw="33"/>
			<tile id="7" draw="215"/>
			<tile id="8" draw="8"/>
			<tile id="9" draw="65"/>
		</tileset>
	</tilesets>
	<map>
		<room id="0" tileSet="0" rows="4" cols="4">
			<locations>
				<location type="1"/>
				<location type="1"/>
				<location type="1"/>
				<location type="1"/>
				<location type="1"/>
				<location type="0"/>
				<location type="0"/>
				<location type="1"/>
				<location type="1"/>
				<location type="0"/>
				<location type="0"/>
				<location type="1"/>
				<location type="1"/>
				<location type="1"/>
				<location type="3" data="-1">
					<link room="1" row="1" col="2"/>
				</location>
				<location type="1"/>
			</locations>
		</room>
		<room id="1" tileSet="0" rows="4" cols="4">
			<locations>
				<location type="1"/>
				<location type="1"/>
				<location type="3" data="-1">
					<link room="0" row="2" col="2"/>
				</location>
				<location type="1"/>

				<location type="1"/>
				<location type="0"/>
				<location type="0"/>
				<location type="1"/>
				
				<location type="3" data="-1">
					<link room="2" row="1" col="6"/>
				</location>
				<location type="0"/>
				<location type="0"/>
				<location type="3" data="-1">
					<link room="3" row="2" col="1"/>
				</location>
				
				<location type="1"/>
				<location type="1"/>
				<location type="1"/>
				<location type="1"/>
			</locations>
		</room>
		<room id="3" tileSet="0" rows="4" cols="4">
				<locations>
					<location type="1"/>
					<location type="1"/>
					<location type="1"/>
					<location type="1"/>

					<location type="1"/>
					<location type="0"/>
					<location type="0"/>
					<location type="1"/>

					<location type="3" data="-1">
						<link room="1" row="2" col="2"/>
					</location>
					<location type="0"/>
					<location type="0"/>
					<location type="1"/>

					<location type="1"/>
					<location type="1"/>
					<location type="1"/>
					<location type="1"/>
				</locations>
			</room>
		<room id="2" tileSet="0" rows="12" cols="8">
			<locations>
				<location type="1"/>
				<location type="1"/>
				<location type="1"/>
				<location type="1"/>
				<location type="1"/>
				<location type="1"/>
				<location type="1"/>
				<location type="1"/>

				<location type="1"/>
				<location type="2" data="-2"/>
				<location type="5"/>
				<location type="0"/>
				<location type="0"/>
				<location type="0"/>
				<location type="0"/>
				<location type="3" data="-1">
					<link room="1" row="2" col="2"/>
				</location>

				<location type="1"/>
				<location type="0"/>
				<location type="1"/>
				<location type="0"/>
				<location type="4"/>
				<location type="0"/>
				<location type="4"/>
				<location type="1"/>
				
				<location type="1"/>
				<location type="1"/>
				<location type="1"/>
				<location type="0"/>
				<location type="0"/>
				<location type="0"/>
				<location type="0"/>
				<location type="1"/>
				
				<location type="1"/>
				<location type="0"/>
				<location type="1"/>
				<location type="0"/>
				<location type="4"/>
				<location type="0"/>
				<location type="4"/>
				<location type="1"/>
				
				<location type="1"/>
				<location type="0"/>
				<location type="1"/>
				<location type="0"/>
				<location type="0"/>
				<location type="0"/>
				<location type="0"/>
				<location type="1"/>
				
				<location type="1"/>
				<location type="0"/>
				<location type="1"/>
				<location type="0"/>
				<location type="0"/>
				<location type="0"/>
				<location type="0"/>
				<location type="1"/>
				
				<location type="1"/>
				<location type="0"/>
				<location type="1"/>
				<location type="0"/>
				<location type="0"/>
				<location type="0"/>
				<location type="0"/>
				<location type="1"/>
				
				<location type="1"/>
				<location type="0"/>
				<location type="1"/>
				<location type="1"/>
				<location type="1"/>
				<location type="1"/>
				<location type="0"/>
				<location type="1"/>
				
				<location type="1"/>
				<location type="0"/>
				<location type="0"/>
				<location type="0"/>
				<location type="7"/>
				<location type="0"/>
				<location type="0"/>
				<location type="1"/>
				
				<location type="1"/>
				<location type="0"/>
				<location type="0"/>
				<location type="0"/>
				<location type="0"/>
				<location type="0"/>
				<location type="0"/>
				<location type="1"/>
				
				<location type="1"/>
				<location type="1"/>
				<location type="1"/>
				<location type="1"/>
				<location type="1"/>
				<location type="1"/>
				<location type="1"/>
				<location type="1"/>
			</locations>
			<puzzles>
				<puzzle id="0" tileSet="0">
					<pieces>
						<piece type="4" setType="9" row="2" col="4" required="1">
							<set/>
						</piece>
						<piece type="4" setType="9" row="2" col="6" required="1">
							<set/>
						</piece>
						<piece type="4" setType="9" row="4" col="4" required="1">
							<set/>
						</piece>
						<piece type="4" setType="9" row="4" col="6" required="1">
							<set/>
						</piece>
						<piece type="7" setType="8" row="9" col="4">
							<tile row="3" col="1" type="0"/>
						</piece>
					</pieces>
					<actions>
						<tile row="1" col="2" type="6"/>
					</actions>
				</puzzle>
			</puzzles>
		</room>
	</map>
</world>